Archive member included to satisfy reference by file (symbol)

/usr/lib/gcc/avr/4.9.2/../../../avr/lib/avr5/libprintf_flt.a(vfprintf_flt.o)
                              (vfprintf)
/usr/lib/gcc/avr/4.9.2/avr5/libgcc.a(_divmodhi4.o)
                              obj/HardwareSerial.o (__divmodhi4)
/usr/lib/gcc/avr/4.9.2/avr5/libgcc.a(_udivmodsi4.o)
                              obj/HardwareSerial.o (__udivmodsi4)
/usr/lib/gcc/avr/4.9.2/avr5/libgcc.a(_exit.o)
                              /usr/lib/gcc/avr/4.9.2/../../../avr/lib/avr5/crtatmega328p.o (exit)
/usr/lib/gcc/avr/4.9.2/avr5/libgcc.a(_copy_data.o)
                              obj/HardwareSerial.o (__do_copy_data)
/usr/lib/gcc/avr/4.9.2/avr5/libgcc.a(_clear_bss.o)
                              obj/WInterrupts.o (__do_clear_bss)
/usr/lib/gcc/avr/4.9.2/avr5/libgcc.a(_ctors.o)
                              obj/HardwareSerial.o (__do_global_ctors)
/usr/lib/gcc/avr/4.9.2/avr5/libgcc.a(_muluhisi3.o)
                              obj/Stream.o (__muluhisi3)
/usr/lib/gcc/avr/4.9.2/avr5/libgcc.a(_prologue.o)
                              /usr/lib/gcc/avr/4.9.2/../../../avr/lib/avr5/libprintf_flt.a(vfprintf_flt.o) (__prologue_saves__)
/usr/lib/gcc/avr/4.9.2/avr5/libgcc.a(_epilogue.o)
                              /usr/lib/gcc/avr/4.9.2/../../../avr/lib/avr5/libprintf_flt.a(vfprintf_flt.o) (__epilogue_restores__)
/usr/lib/gcc/avr/4.9.2/avr5/libgcc.a(_udivmodhi4.o)
                              /usr/lib/gcc/avr/4.9.2/avr5/libgcc.a(_divmodhi4.o) (__udivmodhi4)
/usr/lib/gcc/avr/4.9.2/avr5/libgcc.a(_tablejump2.o)
                              /usr/lib/gcc/avr/4.9.2/avr5/libgcc.a(_ctors.o) (__tablejump2__)
/usr/lib/gcc/avr/4.9.2/avr5/libgcc.a(_umulhisi3.o)
                              /usr/lib/gcc/avr/4.9.2/avr5/libgcc.a(_muluhisi3.o) (__umulhisi3)
/usr/lib/gcc/avr/4.9.2/../../../avr/lib/avr5/libm.a(addsf3.o)
                              obj/Print.o (__subsf3)
/usr/lib/gcc/avr/4.9.2/../../../avr/lib/avr5/libm.a(addsf3x.o)
                              /usr/lib/gcc/avr/4.9.2/../../../avr/lib/avr5/libm.a(addsf3.o) (__addsf3x)
/usr/lib/gcc/avr/4.9.2/../../../avr/lib/avr5/libm.a(cmpsf2.o)
                              obj/Print.o (__ltsf2)
/usr/lib/gcc/avr/4.9.2/../../../avr/lib/avr5/libm.a(divsf3.o)
                              obj/Print.o (__divsf3)
/usr/lib/gcc/avr/4.9.2/../../../avr/lib/avr5/libm.a(divsf3x.o)
                              /usr/lib/gcc/avr/4.9.2/../../../avr/lib/avr5/libm.a(divsf3.o) (__divsf3x)
/usr/lib/gcc/avr/4.9.2/../../../avr/lib/avr5/libm.a(fixsfsi.o)
                              obj/Print.o (__fixsfsi)
/usr/lib/gcc/avr/4.9.2/../../../avr/lib/avr5/libm.a(fixunssfsi.o)
                              obj/Print.o (__fixunssfsi)
/usr/lib/gcc/avr/4.9.2/../../../avr/lib/avr5/libm.a(floatsisf.o)
                              obj/Print.o (__floatunsisf)
/usr/lib/gcc/avr/4.9.2/../../../avr/lib/avr5/libm.a(fp_cmp.o)
                              /usr/lib/gcc/avr/4.9.2/../../../avr/lib/avr5/libm.a(cmpsf2.o) (__fp_cmp)
/usr/lib/gcc/avr/4.9.2/../../../avr/lib/avr5/libm.a(fp_inf.o)
                              /usr/lib/gcc/avr/4.9.2/../../../avr/lib/avr5/libm.a(addsf3x.o) (__fp_inf)
/usr/lib/gcc/avr/4.9.2/../../../avr/lib/avr5/libm.a(fp_nan.o)
                              /usr/lib/gcc/avr/4.9.2/../../../avr/lib/avr5/libm.a(addsf3x.o) (__fp_nan)
/usr/lib/gcc/avr/4.9.2/../../../avr/lib/avr5/libm.a(fp_pscA.o)
                              /usr/lib/gcc/avr/4.9.2/../../../avr/lib/avr5/libm.a(addsf3x.o) (__fp_pscA)
/usr/lib/gcc/avr/4.9.2/../../../avr/lib/avr5/libm.a(fp_pscB.o)
                              /usr/lib/gcc/avr/4.9.2/../../../avr/lib/avr5/libm.a(addsf3x.o) (__fp_pscB)
/usr/lib/gcc/avr/4.9.2/../../../avr/lib/avr5/libm.a(fp_round.o)
                              /usr/lib/gcc/avr/4.9.2/../../../avr/lib/avr5/libm.a(addsf3.o) (__fp_round)
/usr/lib/gcc/avr/4.9.2/../../../avr/lib/avr5/libm.a(fp_split3.o)
                              /usr/lib/gcc/avr/4.9.2/../../../avr/lib/avr5/libm.a(addsf3x.o) (__fp_split3)
/usr/lib/gcc/avr/4.9.2/../../../avr/lib/avr5/libm.a(fp_zero.o)
                              /usr/lib/gcc/avr/4.9.2/../../../avr/lib/avr5/libm.a(addsf3x.o) (__fp_zero)
/usr/lib/gcc/avr/4.9.2/../../../avr/lib/avr5/libm.a(gesf2.o)
                              obj/Print.o (__gtsf2)
/usr/lib/gcc/avr/4.9.2/../../../avr/lib/avr5/libm.a(mulsf3.o)
                              obj/Print.o (__mulsf3)
/usr/lib/gcc/avr/4.9.2/../../../avr/lib/avr5/libm.a(mulsf3x.o)
                              /usr/lib/gcc/avr/4.9.2/../../../avr/lib/avr5/libm.a(mulsf3.o) (__mulsf3x)
/usr/lib/gcc/avr/4.9.2/../../../avr/lib/avr5/libm.a(unordsf2.o)
                              obj/Print.o (__unordsf2)
/usr/lib/gcc/avr/4.9.2/../../../avr/lib/avr5/libc.a(dtostrf.o)
                              obj/WString.o (dtostrf)
/usr/lib/gcc/avr/4.9.2/../../../avr/lib/avr5/libc.a(malloc.o)
                              obj/new.o (malloc)
[...]
Memory Configuration

Name             Origin             Length             Attributes
text             0x0000000000000000 0x0000000000020000 xr
data             0x0000000000800060 0x000000000000ffa0 rw !x
eeprom           0x0000000000810000 0x0000000000010000 rw !x
fuse             0x0000000000820000 0x0000000000000400 rw !x
lock             0x0000000000830000 0x0000000000000400 rw !x
signature        0x0000000000840000 0x0000000000000400 rw !x
user_signatures  0x0000000000850000 0x0000000000000400 rw !x
*default*        0x0000000000000000 0xffffffffffffffff

Linker script and memory map

Address of section .data set to 0x800100
LOAD /usr/lib/gcc/avr/4.9.2/../../../avr/lib/avr5/crtatmega328p.o
LOAD /usr/lib/gcc/avr/4.9.2/../../../avr/lib/avr5/libprintf_flt.a
LOAD obj/WInterrupts.o
LOAD obj/wiring.o
LOAD obj/wiring_digital.o
LOAD obj/CDC.o
LOAD obj/HardwareSerial.o
LOAD obj/Print.o
LOAD obj/Stream.o
LOAD obj/WString.o
LOAD obj/main.o
LOAD obj/new.o
LOAD obj/main_loop.o
LOAD /usr/lib/gcc/avr/4.9.2/avr5/libgcc.a
LOAD /usr/lib/gcc/avr/4.9.2/../../../avr/lib/avr5/libm.a
START GROUP
LOAD /usr/lib/gcc/avr/4.9.2/avr5/libgcc.a
LOAD /usr/lib/gcc/avr/4.9.2/../../../avr/lib/avr5/libm.a
LOAD /usr/lib/gcc/avr/4.9.2/../../../avr/lib/avr5/libc.a
LOAD /usr/lib/gcc/avr/4.9.2/../../../avr/lib/avr5/libatmega328p.a
END GROUP

.hash
 *(.hash)

.dynsym
 *(.dynsym)

.dynstr
 *(.dynstr)

.gnu.version
 *(.gnu.version)

.gnu.version_d
 *(.gnu.version_d)

.gnu.version_r
 *(.gnu.version_r)

.rel.init
 *(.rel.init)

.rela.init
 *(.rela.init)

.rel.text
 *(.rel.text)
 *(.rel.text.*)
 *(.rel.gnu.linkonce.t*)

.rela.text
 *(.rela.text)
 *(.rela.text.*)
 *(.rela.gnu.linkonce.t*)

.rel.fini
 *(.rel.fini)

.rela.fini
 *(.rela.fini)

.rel.rodata
 *(.rel.rodata)
 *(.rel.rodata.*)
 *(.rel.gnu.linkonce.r*)

.rela.rodata
 *(.rela.rodata)
 *(.rela.rodata.*)
 *(.rela.gnu.linkonce.r*)

.rel.data
 *(.rel.data)
 *(.rel.data.*)
 *(.rel.gnu.linkonce.d*)

.rela.data
 *(.rela.data)
 *(.rela.data.*)
 *(.rela.gnu.linkonce.d*)

.rel.ctors
 *(.rel.ctors)

.rela.ctors
 *(.rela.ctors)

.rel.dtors
 *(.rel.dtors)

.rela.dtors
 *(.rela.dtors)

.rel.got
 *(.rel.got)

.rela.got
 *(.rela.got)

.rel.bss
 *(.rel.bss)

.rela.bss
 *(.rela.bss)

.rel.plt
 *(.rel.plt)

.rela.plt
 *(.rela.plt)

.text           0x0000000000000000     0x1660
 *(.vectors)
 .vectors       0x0000000000000000       0x68 /usr/lib/gcc/avr/4.9.2/../../../avr/lib/avr5/crtatmega328p.o
                0x0000000000000000                __vectors
                0x0000000000000000                __vector_default
 *(.vectors)
 *(.progmem.gcc*)
                0x0000000000000068                . = ALIGN (0x2)
                0x0000000000000068                __trampolines_start = .
 *(.trampolines)
 .trampolines   0x0000000000000068        0x0 linker stubs
 *(.trampolines*)
                0x0000000000000068                __trampolines_end = .
 *(.progmem*)
 .progmem.data  0x0000000000000068        0x8 /usr/lib/gcc/avr/4.9.2/../../../avr/lib/avr5/libprintf_flt.a(vfprintf_flt.o)
 .progmem.data.digital_pin_to_timer_PGM
                0x0000000000000070       0x14 obj/wiring_digital.o
                0x0000000000000070                digital_pin_to_timer_PGM
 .progmem.data.digital_pin_to_bit_mask_PGM
                0x0000000000000084       0x14 obj/wiring_digital.o
                0x0000000000000084                digital_pin_to_bit_mask_PGM
 .progmem.data.digital_pin_to_port_PGM
                0x0000000000000098       0x14 obj/wiring_digital.o
                0x0000000000000098                digital_pin_to_port_PGM
 .progmem.data.port_to_output_PGM
                0x00000000000000ac        0xa obj/wiring_digital.o
                0x00000000000000ac                port_to_output_PGM
 .progmem.data.port_to_mode_PGM
                0x00000000000000b6        0xa obj/wiring_digital.o
                0x00000000000000b6                port_to_mode_PGM
 .progmem.data  0x00000000000000c0       0xfa /usr/lib/gcc/avr/4.9.2/../../../avr/lib/avr5/libc.a(ftoa_engine.o)
                0x00000000000001ba                . = ALIGN (0x2)
 *(.jumptables)
 *(.jumptables*)
 *(.lowtext)
 *(.lowtext*)
                0x00000000000001ba                __ctors_start = .
 *(.ctors)
 .ctors         0x00000000000001ba        0x2 obj/HardwareSerial.o
                0x00000000000001bc                __ctors_end = .
                0x00000000000001bc                __dtors_start = .
 *(.dtors)
                0x00000000000001bc                __dtors_end = .
 SORT(*)(.ctors)
 SORT(*)(.dtors)
 *(.init0)
 .init0         0x00000000000001bc        0x0 /usr/lib/gcc/avr/4.9.2/../../../avr/lib/avr5/crtatmega328p.o
                0x00000000000001bc                __init
 *(.init0)
 *(.init1)
 *(.init1)
 *(.init2)
 .init2         0x00000000000001bc        0xc /usr/lib/gcc/avr/4.9.2/../../../avr/lib/avr5/crtatmega328p.o
 *(.init2)
 *(.init3)
 *(.init3)
 *(.init4)
 .init4         0x00000000000001c8       0x16 /usr/lib/gcc/avr/4.9.2/avr5/libgcc.a(_copy_data.o)
                0x00000000000001c8                __do_copy_data
 .init4         0x00000000000001de       0x10 /usr/lib/gcc/avr/4.9.2/avr5/libgcc.a(_clear_bss.o)
                0x00000000000001de                __do_clear_bss
 *(.init4)
 *(.init5)
 *(.init5)
 *(.init6)
 .init6         0x00000000000001ee       0x16 /usr/lib/gcc/avr/4.9.2/avr5/libgcc.a(_ctors.o)
                0x00000000000001ee                __do_global_ctors
 *(.init6)
 *(.init7)
 *(.init7)
 *(.init8)
 *(.init8)
 *(.init9)
 .init9         0x0000000000000204        0x8 /usr/lib/gcc/avr/4.9.2/../../../avr/lib/avr5/crtatmega328p.o
 *(.init9)
 *(.text)
 .text          0x000000000000020c        0x4 /usr/lib/gcc/avr/4.9.2/../../../avr/lib/avr5/crtatmega328p.o
                0x000000000000020c                __vector_22
                0x000000000000020c                __vector_24
                0x000000000000020c                __vector_12
                0x000000000000020c                __bad_interrupt
                0x000000000000020c                __vector_6
                0x000000000000020c                __vector_3
                0x000000000000020c                __vector_23
                0x000000000000020c                __vector_25
                0x000000000000020c                __vector_11
                0x000000000000020c                __vector_13
                0x000000000000020c                __vector_17
                0x000000000000020c                __vector_7
                0x000000000000020c                __vector_5
                0x000000000000020c                __vector_4
                0x000000000000020c                __vector_9
                0x000000000000020c                __vector_21
                0x000000000000020c                __vector_15
                0x000000000000020c                __vector_8
                0x000000000000020c                __vector_14
                0x000000000000020c                __vector_10
                0x000000000000020c                __vector_20
                0x0000000000000210                . = ALIGN (0x2)
 *(.text.*)
 .text.avr-libc
                0x0000000000000210      0x6f8 /usr/lib/gcc/avr/4.9.2/../../../avr/lib/avr5/libprintf_flt.a(vfprintf_flt.o)
                0x0000000000000210                vfprintf
 .text.__vector_1
                0x0000000000000908       0x5a obj/WInterrupts.o
                0x0000000000000908                __vector_1
 .text.__vector_2
                0x0000000000000962       0x5a obj/WInterrupts.o
                0x0000000000000962                __vector_2
 .text.__vector_16
                0x00000000000009bc       0x94 obj/wiring.o
                0x00000000000009bc                __vector_16
 .text.millis   0x0000000000000a50       0x18 obj/wiring.o
                0x0000000000000a50                millis
 .text.micros   0x0000000000000a68       0x4a obj/wiring.o
                0x0000000000000a68                micros
 .text.delay    0x0000000000000ab2       0x4c obj/wiring.o
                0x0000000000000ab2                delay
 .text.init     0x0000000000000afe       0x76 obj/wiring.o
                0x0000000000000afe                init
 .text.turnOffPWM
                0x0000000000000b74       0x52 obj/wiring_digital.o
 .text.pinMode  0x0000000000000bc6       0x78 obj/wiring_digital.o
                0x0000000000000bc6                pinMode
 .text.digitalWrite
                0x0000000000000c3e       0x60 obj/wiring_digital.o
                0x0000000000000c3e                digitalWrite
 .text._ZN14HardwareSerial9availableEv
                0x0000000000000c9e       0x28 obj/HardwareSerial.o
                0x0000000000000c9e                _ZN14HardwareSerial9availableEv
 .text._ZN14HardwareSerial4peekEv
                0x0000000000000cc6       0x38 obj/HardwareSerial.o
                0x0000000000000cc6                _ZN14HardwareSerial4peekEv
 .text._ZN14HardwareSerial4readEv
                0x0000000000000cfe       0x40 obj/HardwareSerial.o
                0x0000000000000cfe                _ZN14HardwareSerial4readEv
 .text._ZN14HardwareSerial5flushEv
                0x0000000000000d3e       0x16 obj/HardwareSerial.o
                0x0000000000000d3e                _ZN14HardwareSerial5flushEv
 .text._ZN14HardwareSerial5writeEh
                0x0000000000000d54       0x84 obj/HardwareSerial.o
                0x0000000000000d54                _ZN14HardwareSerial5writeEh
 .text._Z11serialEventv
                0x0000000000000dd8        0x2 obj/HardwareSerial.o
                0x0000000000000dd8                _Z11serialEventv
 .text.__vector_18
                0x0000000000000dda       0x74 obj/HardwareSerial.o
                0x0000000000000dda                __vector_18
 .text._Z14serialEventRunv
                0x0000000000000e4e       0x12 obj/HardwareSerial.o
                0x0000000000000e4e                _Z14serialEventRunv
 .text.__vector_19
                0x0000000000000e60       0x76 obj/HardwareSerial.o
                0x0000000000000e60                __vector_19
 .text._ZN14HardwareSerial5beginEm
                0x0000000000000ed6      0x110 obj/HardwareSerial.o
                0x0000000000000ed6                _ZN14HardwareSerial5beginEm
 .text.startup._GLOBAL__sub_I_rx_buffer
                0x0000000000000fe6       0x76 obj/HardwareSerial.o
 .text._ZN5Print5writeEPKhj
                0x000000000000105c       0x50 obj/Print.o
                0x000000000000105c                _ZN5Print5writeEPKhj
 .text._ZN5Print5writeEPKc
                0x00000000000010ac       0x2a obj/Print.o
                0x00000000000010ac                _ZN5Print5writeEPKc
 .text._ZN5Print5printEPKc
                0x00000000000010d6        0x4 obj/Print.o
                0x00000000000010d6                _ZN5Print5printEPKc
 .text.initVariant
                0x00000000000010da        0x2 obj/main.o
                0x00000000000010da                initVariant
 .text.startup.main
                0x00000000000010dc       0x1e obj/main.o
                0x00000000000010dc                main
 .text._Z8q_millisv
                0x00000000000010fa        0x6 obj/main_loop.o
                0x00000000000010fa                _Z8q_millisv
 .text.setup    0x0000000000001100       0xb0 obj/main_loop.o
                0x0000000000001100                setup
 .text.loop     0x00000000000011b0       0x96 obj/main_loop.o
                0x00000000000011b0                loop
 .text.libgcc.div
                0x0000000000001246       0x28 /usr/lib/gcc/avr/4.9.2/avr5/libgcc.a(_divmodhi4.o)
                0x0000000000001246                __divmodhi4
                0x0000000000001246                _div
 .text.libgcc.div
                0x000000000000126e       0x44 /usr/lib/gcc/avr/4.9.2/avr5/libgcc.a(_udivmodsi4.o)
                0x000000000000126e                __udivmodsi4
 .text.libgcc.prologue
                0x00000000000012b2       0x38 /usr/lib/gcc/avr/4.9.2/avr5/libgcc.a(_prologue.o)
                0x00000000000012b2                __prologue_saves__
 .text.libgcc.prologue
                0x00000000000012ea       0x36 /usr/lib/gcc/avr/4.9.2/avr5/libgcc.a(_epilogue.o)
                0x00000000000012ea                __epilogue_restores__
 .text.libgcc.div
                0x0000000000001320       0x28 /usr/lib/gcc/avr/4.9.2/avr5/libgcc.a(_udivmodhi4.o)
                0x0000000000001320                __udivmodhi4
 .text.libgcc   0x0000000000001348        0xc /usr/lib/gcc/avr/4.9.2/avr5/libgcc.a(_tablejump2.o)
                0x0000000000001348                __tablejump2__
 .text.avr-libc
                0x0000000000001354      0x1b0 /usr/lib/gcc/avr/4.9.2/../../../avr/lib/avr5/libc.a(ftoa_engine.o)
                0x0000000000001354                __ftoa_engine
 .text.avr-libc
                0x0000000000001504       0x16 /usr/lib/gcc/avr/4.9.2/../../../avr/lib/avr5/libc.a(strnlen_P.o)
                0x0000000000001504                strnlen_P
 .text.avr-libc
                0x000000000000151a       0x16 /usr/lib/gcc/avr/4.9.2/../../../avr/lib/avr5/libc.a(strnlen.o)
                0x000000000000151a                strnlen
 .text.avr-libc
                0x0000000000001530       0x70 /usr/lib/gcc/avr/4.9.2/../../../avr/lib/avr5/libc.a(fputc.o)
                0x0000000000001530                fputc
 .text.avr-libc
                0x00000000000015a0       0xbc /usr/lib/gcc/avr/4.9.2/../../../avr/lib/avr5/libc.a(ultoa_invert.o)
                0x00000000000015a0                __ultoa_invert
                0x000000000000165c                . = ALIGN (0x2)
 *(.fini9)
 .fini9         0x000000000000165c        0x0 /usr/lib/gcc/avr/4.9.2/avr5/libgcc.a(_exit.o)
                0x000000000000165c                exit
                0x000000000000165c                _exit
 *(.fini9)
 *(.fini8)
 *(.fini8)
 *(.fini7)
 *(.fini7)
 *(.fini6)
 *(.fini6)
 *(.fini5)
 *(.fini5)
 *(.fini4)
 *(.fini4)
 *(.fini3)
 *(.fini3)
 *(.fini2)
 *(.fini2)
 *(.fini1)
 *(.fini1)
 *(.fini0)
 .fini0         0x000000000000165c        0x4 /usr/lib/gcc/avr/4.9.2/avr5/libgcc.a(_exit.o)
 *(.fini0)
                0x0000000000001660                _etext = .

.data           0x0000000000800100       0x26 load address 0x0000000000001660
                0x0000000000800100                PROVIDE (__data_start, .)
 *(.data)
 *(.data*)
 .data._ZN12_GLOBAL__N_19pin_stateE
                0x0000000000800100        0x2 obj/main_loop.o
 *(.rodata)
 *(.rodata*)
 .rodata._ZTV14HardwareSerial
                0x0000000000800102       0x10 obj/HardwareSerial.o
                0x0000000000800102                _ZTV14HardwareSerial
 .rodata.str1.1
                0x0000000000800112       0x14 obj/main_loop.o
 *(.gnu.linkonce.d*)
                0x0000000000800126                . = ALIGN (0x2)
                0x0000000000800126                _edata = .
                0x0000000000800126                PROVIDE (__data_end, .)

.bss            0x0000000000800126       0xbb
                0x0000000000800126                PROVIDE (__bss_start, .)
 *(.bss)
 *(.bss*)
 .bss.intFunc   0x0000000000800126        0x4 obj/WInterrupts.o
 .bss.timer0_fract
                0x000000000080012a        0x1 obj/wiring.o
 .bss.timer0_millis
                0x000000000080012b        0x4 obj/wiring.o
                0x000000000080012b                timer0_millis
 .bss.timer0_overflow_count
                0x000000000080012f        0x4 obj/wiring.o
                0x000000000080012f                timer0_overflow_count
 .bss.Serial    0x0000000000800133       0x22 obj/HardwareSerial.o
                0x0000000000800133                Serial
 .bss.tx_buffer
                0x0000000000800155       0x44 obj/HardwareSerial.o
                0x0000000000800155                tx_buffer
 .bss.rx_buffer
                0x0000000000800199       0x44 obj/HardwareSerial.o
                0x0000000000800199                rx_buffer
 .bss._ZN12_GLOBAL__N_19prev_timeE
                0x00000000008001dd        0x4 obj/main_loop.o
 *(COMMON)
                0x00000000008001e1                PROVIDE (__bss_end, .)
                0x0000000000001660                __data_load_start = LOADADDR (.data)
                0x0000000000001686                __data_load_end = (__data_load_start + SIZEOF (.data))

.noinit         0x00000000008001e1        0x0
                0x00000000008001e1                PROVIDE (__noinit_start, .)
 *(.noinit*)
                0x00000000008001e1                PROVIDE (__noinit_end, .)
                0x00000000008001e1                _end = .
                0x00000000008001e1                PROVIDE (__heap_start, .)

.eeprom         0x0000000000810000        0x0
 *(.eeprom*)
                0x0000000000810000                __eeprom_end = .

.fuse
 *(.fuse)
 *(.lfuse)
 *(.hfuse)
 *(.efuse)

.lock
 *(.lock*)

.signature
 *(.signature*)

.user_signatures
 *(.user_signatures*)

.stab
 *(.stab)

.stabstr
 *(.stabstr)

.stab.excl
 *(.stab.excl)

.stab.exclstr
 *(.stab.exclstr)

.stab.index
 *(.stab.index)

.stab.indexstr
 *(.stab.indexstr)

.comment        0x0000000000000000       0x11
 *(.comment)
 .comment       0x0000000000000000       0x11 /usr/lib/gcc/avr/4.9.2/../../../avr/lib/avr5/libprintf_flt.a(vfprintf_flt.o)
                                         0x12 (size before relaxing)
 .comment       0x0000000000000011       0x12 obj/WInterrupts.o
 .comment       0x0000000000000011       0x12 obj/wiring.o
 .comment       0x0000000000000011       0x12 obj/wiring_digital.o
 .comment       0x0000000000000011       0x12 obj/HardwareSerial.o
 .comment       0x0000000000000011       0x12 obj/Print.o
 .comment       0x0000000000000011       0x12 obj/main.o
 .comment       0x0000000000000011       0x12 obj/main_loop.o
 .comment       0x0000000000000011       0x12 /usr/lib/gcc/avr/4.9.2/../../../avr/lib/avr5/libc.a(fputc.o)

.note.gnu.avr.deviceinfo
                0x0000000000000000       0x40
 .note.gnu.avr.deviceinfo
                0x0000000000000000       0x40 /usr/lib/gcc/avr/4.9.2/../../../avr/lib/avr5/crtatmega328p.o

.note.gnu.build-id
 *(.note.gnu.build-id)

.debug
 *(.debug)

.line
 *(.line)

.debug_srcinfo
 *(.debug_srcinfo)

.debug_sfnames
 *(.debug_sfnames)

.debug_aranges
 *(.debug_aranges)

.debug_pubnames
 *(.debug_pubnames)

.debug_info
 *(.debug_info .gnu.linkonce.wi.*)

.debug_abbrev
 *(.debug_abbrev)

.debug_line
 *(.debug_line .debug_line.* .debug_line_end)

.debug_frame
 *(.debug_frame)

.debug_str
 *(.debug_str)

.debug_loc
 *(.debug_loc)

.debug_macinfo
 *(.debug_macinfo)

.debug_weaknames
 *(.debug_weaknames)

.debug_funcnames
 *(.debug_funcnames)

.debug_typenames
 *(.debug_typenames)

.debug_varnames
 *(.debug_varnames)

.debug_pubtypes
 *(.debug_pubtypes)

.debug_ranges
 *(.debug_ranges)

.debug_macro
 *(.debug_macro)
OUTPUT(bin/ArduIMU.elf elf32-avr)
LOAD linker stubs

Cross Reference Table

Symbol                                            File
Serial                                            obj/HardwareSerial.o
                                                  obj/main_loop.o
_Z11serialEventv                                  obj/HardwareSerial.o
_Z14serialEventRunv                               obj/HardwareSerial.o
                                                  obj/main.o
_Z8q_millisv                                      obj/main_loop.o
_ZN14HardwareSerial3endEv                         obj/HardwareSerial.o
_ZN14HardwareSerial4peekEv                        obj/HardwareSerial.o
_ZN14HardwareSerial4readEv                        obj/HardwareSerial.o
_ZN14HardwareSerial5beginEm                       obj/HardwareSerial.o
                                                  obj/main_loop.o
_ZN14HardwareSerial5beginEmh                      obj/HardwareSerial.o
_ZN14HardwareSerial5flushEv                       obj/HardwareSerial.o
_ZN14HardwareSerial5writeEh                       obj/HardwareSerial.o
_ZN14HardwareSerial9availableEv                   obj/HardwareSerial.o
_ZN14HardwareSerialC1EP11ring_bufferS1_PVhS3_S3_S3_S3_S3_hhhhh obj/HardwareSerial.o
_ZN14HardwareSerialC2EP11ring_bufferS1_PVhS3_S3_S3_S3_S3_hhhhh obj/HardwareSerial.o
_ZN14HardwareSerialcvbEv                          obj/HardwareSerial.o
_ZN5Print10printFloatEdh                          obj/Print.o
_ZN5Print11printNumberEmh                         obj/Print.o
_ZN5Print5printEPK19__FlashStringHelper           obj/Print.o
_ZN5Print5printEPKc                               obj/Print.o
                                                  obj/main_loop.o
_ZN5Print5printERK6String                         obj/Print.o
_ZN5Print5printERK9Printable                      obj/Print.o
_ZN5Print5printEc                                 obj/Print.o
_ZN5Print5printEdi                                obj/Print.o
_ZN5Print5printEhi                                obj/Print.o
_ZN5Print5printEii                                obj/Print.o
_ZN5Print5printEji                                obj/Print.o
_ZN5Print5printEli                                obj/Print.o
_ZN5Print5printEmi                                obj/Print.o
_ZN5Print5writeEPKc                               obj/Print.o
_ZN5Print5writeEPKhj                              obj/Print.o
                                                  obj/HardwareSerial.o
_ZN5Print7printlnEPK19__FlashStringHelper         obj/Print.o
_ZN5Print7printlnEPKc                             obj/Print.o
_ZN5Print7printlnERK6String                       obj/Print.o
_ZN5Print7printlnERK9Printable                    obj/Print.o
_ZN5Print7printlnEc                               obj/Print.o
_ZN5Print7printlnEdi                              obj/Print.o
_ZN5Print7printlnEhi                              obj/Print.o
_ZN5Print7printlnEii                              obj/Print.o
_ZN5Print7printlnEji                              obj/Print.o
_ZN5Print7printlnEli                              obj/Print.o
_ZN5Print7printlnEmi                              obj/Print.o
_ZN5Print7printlnEv                               obj/Print.o
_ZN6Stream10parseFloatEc                          obj/Stream.o
_ZN6Stream10parseFloatEv                          obj/Stream.o
_ZN6Stream10readStringEv                          obj/Stream.o
_ZN6Stream10setTimeoutEm                          obj/Stream.o
_ZN6Stream13peekNextDigitEv                       obj/Stream.o
_ZN6Stream14readBytesUntilEcPcj                   obj/Stream.o
_ZN6Stream15readStringUntilEc                     obj/Stream.o
_ZN6Stream4findEPc                                obj/Stream.o
_ZN6Stream4findEPcj                               obj/Stream.o
_ZN6Stream8parseIntEc                             obj/Stream.o
_ZN6Stream8parseIntEv                             obj/Stream.o
_ZN6Stream9findUntilEPcS0_                        obj/Stream.o
_ZN6Stream9findUntilEPcjS0_j                      obj/Stream.o
_ZN6Stream9readBytesEPcj                          obj/Stream.o
_ZN6Stream9timedPeekEv                            obj/Stream.o
_ZN6Stream9timedReadEv                            obj/Stream.o
_ZN6String10invalidateEv                          obj/WString.o
_ZN6String11toLowerCaseEv                         obj/WString.o
_ZN6String11toUpperCaseEv                         obj/WString.o
_ZN6String12changeBufferEj                        obj/WString.o
_ZN6String4copyEPK19__FlashStringHelperj          obj/WString.o
_ZN6String4copyEPKcj                              obj/WString.o
_ZN6String4moveERS_                               obj/WString.o
_ZN6String4trimEv                                 obj/WString.o
_ZN6String6concatEPK19__FlashStringHelper         obj/WString.o
_ZN6String6concatEPKc                             obj/WString.o
_ZN6String6concatEPKcj                            obj/WString.o
_ZN6String6concatERKS_                            obj/WString.o
_ZN6String6concatEc                               obj/WString.o
                                                  obj/Stream.o
_ZN6String6concatEd                               obj/WString.o
_ZN6String6concatEf                               obj/WString.o
_ZN6String6concatEh                               obj/WString.o
_ZN6String6concatEi                               obj/WString.o
_ZN6String6concatEj                               obj/WString.o
_ZN6String6concatEl                               obj/WString.o
_ZN6String6concatEm                               obj/WString.o
_ZN6String6removeEj                               obj/WString.o
_ZN6String6removeEjj                              obj/WString.o
_ZN6String7replaceERKS_S1_                        obj/WString.o
_ZN6String7replaceEcc                             obj/WString.o
_ZN6String7reserveEj                              obj/WString.o
_ZN6String9setCharAtEjc                           obj/WString.o
_ZN6StringC1EO15StringSumHelper                   obj/WString.o
_ZN6StringC1EOS_                                  obj/WString.o
_ZN6StringC1EPK19__FlashStringHelper              obj/WString.o
_ZN6StringC1EPKc                                  obj/WString.o
                                                  obj/Stream.o
_ZN6StringC1ERKS_                                 obj/WString.o
_ZN6StringC1Ec                                    obj/WString.o
_ZN6StringC1Edh                                   obj/WString.o
_ZN6StringC1Efh                                   obj/WString.o
_ZN6StringC1Ehh                                   obj/WString.o
_ZN6StringC1Eih                                   obj/WString.o
_ZN6StringC1Ejh                                   obj/WString.o
_ZN6StringC1Elh                                   obj/WString.o
_ZN6StringC1Emh                                   obj/WString.o
_ZN6StringC2EO15StringSumHelper                   obj/WString.o
_ZN6StringC2EOS_                                  obj/WString.o
_ZN6StringC2EPK19__FlashStringHelper              obj/WString.o
_ZN6StringC2EPKc                                  obj/WString.o
_ZN6StringC2ERKS_                                 obj/WString.o
_ZN6StringC2Ec                                    obj/WString.o
_ZN6StringC2Edh                                   obj/WString.o
_ZN6StringC2Efh                                   obj/WString.o
_ZN6StringC2Ehh                                   obj/WString.o
_ZN6StringC2Eih                                   obj/WString.o
_ZN6StringC2Ejh                                   obj/WString.o
_ZN6StringC2Elh                                   obj/WString.o
_ZN6StringC2Emh                                   obj/WString.o
_ZN6StringD1Ev                                    obj/WString.o
_ZN6StringD2Ev                                    obj/WString.o
_ZN6StringaSEO15StringSumHelper                   obj/WString.o
_ZN6StringaSEOS_                                  obj/WString.o
_ZN6StringaSEPK19__FlashStringHelper              obj/WString.o
_ZN6StringaSEPKc                                  obj/WString.o
_ZN6StringaSERKS_                                 obj/WString.o
_ZN6StringixEj                                    obj/WString.o
_ZNK6String10startsWithERKS_                      obj/WString.o
_ZNK6String10startsWithERKS_j                     obj/WString.o
_ZNK6String11lastIndexOfERKS_                     obj/WString.o
_ZNK6String11lastIndexOfERKS_j                    obj/WString.o
_ZNK6String11lastIndexOfEc                        obj/WString.o
_ZNK6String11lastIndexOfEcj                       obj/WString.o
_ZNK6String16equalsIgnoreCaseERKS_                obj/WString.o
_ZNK6String5toIntEv                               obj/WString.o
_ZNK6String6charAtEj                              obj/WString.o
_ZNK6String6equalsEPKc                            obj/WString.o
_ZNK6String6equalsERKS_                           obj/WString.o
_ZNK6String7indexOfERKS_                          obj/WString.o
_ZNK6String7indexOfERKS_j                         obj/WString.o
_ZNK6String7indexOfEc                             obj/WString.o
_ZNK6String7indexOfEcj                            obj/WString.o
_ZNK6String7toFloatEv                             obj/WString.o
_ZNK6String8endsWithERKS_                         obj/WString.o
_ZNK6String8getBytesEPhjj                         obj/WString.o
_ZNK6String9compareToERKS_                        obj/WString.o
_ZNK6String9substringEjj                          obj/WString.o
_ZNK6StringgeERKS_                                obj/WString.o
_ZNK6StringgtERKS_                                obj/WString.o
_ZNK6StringixEj                                   obj/WString.o
_ZNK6StringleERKS_                                obj/WString.o
_ZNK6StringltERKS_                                obj/WString.o
_ZTV14HardwareSerial                              obj/HardwareSerial.o
_ZTV5Print                                        obj/Print.o
_ZdaPv                                            obj/new.o
_ZdlPv                                            obj/new.o
_Znaj                                             obj/new.o
_Znwj                                             obj/new.o
_ZplRK15StringSumHelperPK19__FlashStringHelper    obj/WString.o
_ZplRK15StringSumHelperPKc                        obj/WString.o
_ZplRK15StringSumHelperRK6String                  obj/WString.o
_ZplRK15StringSumHelperc                          obj/WString.o
_ZplRK15StringSumHelperd                          obj/WString.o
_ZplRK15StringSumHelperf                          obj/WString.o
_ZplRK15StringSumHelperh                          obj/WString.o
_ZplRK15StringSumHelperi                          obj/WString.o
_ZplRK15StringSumHelperj                          obj/WString.o
_ZplRK15StringSumHelperl                          obj/WString.o
_ZplRK15StringSumHelperm                          obj/WString.o
__addsf3                                          /usr/lib/gcc/avr/4.9.2/../../../avr/lib/avr5/libm.a(addsf3.o)
                                                  obj/Print.o
__addsf3x                                         /usr/lib/gcc/avr/4.9.2/../../../avr/lib/avr5/libm.a(addsf3x.o)
                                                  /usr/lib/gcc/avr/4.9.2/../../../avr/lib/avr5/libm.a(addsf3.o)
__bad_interrupt                                   /usr/lib/gcc/avr/4.9.2/../../../avr/lib/avr5/crtatmega328p.o
__brkval                                          /usr/lib/gcc/avr/4.9.2/../../../avr/lib/avr5/libc.a(malloc.o)
                                                  /usr/lib/gcc/avr/4.9.2/../../../avr/lib/avr5/libc.a(realloc.o)
__bss_end                                         /usr/lib/gcc/avr/4.9.2/avr5/libgcc.a(_clear_bss.o)
__bss_start                                       /usr/lib/gcc/avr/4.9.2/avr5/libgcc.a(_clear_bss.o)
__cmpsf2                                          /usr/lib/gcc/avr/4.9.2/../../../avr/lib/avr5/libm.a(cmpsf2.o)
__ctors_end                                       /usr/lib/gcc/avr/4.9.2/avr5/libgcc.a(_ctors.o)
__ctors_start                                     /usr/lib/gcc/avr/4.9.2/avr5/libgcc.a(_ctors.o)
__ctype_isfalse                                   /usr/lib/gcc/avr/4.9.2/../../../avr/lib/avr5/libc.a(cty_isfalse.o)
                                                  /usr/lib/gcc/avr/4.9.2/../../../avr/lib/avr5/libc.a(isspace.o)
__ctype_istrue                                    /usr/lib/gcc/avr/4.9.2/../../../avr/lib/avr5/libc.a(cty_isfalse.o)
__cxa_guard_abort                                 obj/new.o
__cxa_guard_acquire                               obj/new.o
__cxa_guard_release                               obj/new.o
__cxa_pure_virtual                                obj/new.o
                                                  obj/Print.o
__data_end                                        /usr/lib/gcc/avr/4.9.2/avr5/libgcc.a(_copy_data.o)
__data_load_start                                 /usr/lib/gcc/avr/4.9.2/avr5/libgcc.a(_copy_data.o)
__data_start                                      /usr/lib/gcc/avr/4.9.2/avr5/libgcc.a(_copy_data.o)
__divmodhi4                                       /usr/lib/gcc/avr/4.9.2/avr5/libgcc.a(_divmodhi4.o)
                                                  obj/HardwareSerial.o
__divsf3                                          /usr/lib/gcc/avr/4.9.2/../../../avr/lib/avr5/libm.a(divsf3.o)
                                                  obj/Print.o
__divsf3_pse                                      /usr/lib/gcc/avr/4.9.2/../../../avr/lib/avr5/libm.a(divsf3x.o)
__divsf3x                                         /usr/lib/gcc/avr/4.9.2/../../../avr/lib/avr5/libm.a(divsf3x.o)
                                                  /usr/lib/gcc/avr/4.9.2/../../../avr/lib/avr5/libm.a(divsf3.o)
__do_clear_bss                                    /usr/lib/gcc/avr/4.9.2/avr5/libgcc.a(_clear_bss.o)
                                                  /usr/lib/gcc/avr/4.9.2/../../../avr/lib/avr5/libc.a(errno.o)
                                                  /usr/lib/gcc/avr/4.9.2/../../../avr/lib/avr5/libc.a(malloc.o)
                                                  obj/main_loop.o
                                                  obj/WString.o
                                                  obj/HardwareSerial.o
                                                  obj/wiring.o
                                                  obj/WInterrupts.o
__do_copy_data                                    /usr/lib/gcc/avr/4.9.2/avr5/libgcc.a(_copy_data.o)
                                                  /usr/lib/gcc/avr/4.9.2/../../../avr/lib/avr5/libc.a(malloc.o)
                                                  obj/main_loop.o
                                                  obj/WString.o
                                                  obj/Stream.o
                                                  obj/Print.o
                                                  obj/HardwareSerial.o
__do_global_ctors                                 /usr/lib/gcc/avr/4.9.2/avr5/libgcc.a(_ctors.o)
                                                  obj/HardwareSerial.o
__epilogue_restores__                             /usr/lib/gcc/avr/4.9.2/avr5/libgcc.a(_epilogue.o)
                                                  /usr/lib/gcc/avr/4.9.2/../../../avr/lib/avr5/libc.a(strtod.o)
                                                  /usr/lib/gcc/avr/4.9.2/../../../avr/lib/avr5/libc.a(realloc.o)
                                                  /usr/lib/gcc/avr/4.9.2/../../../avr/lib/avr5/libprintf_flt.a(vfprintf_flt.o)
__eqsf2                                           /usr/lib/gcc/avr/4.9.2/../../../avr/lib/avr5/libm.a(cmpsf2.o)
                                                  /usr/lib/gcc/avr/4.9.2/../../../avr/lib/avr5/libc.a(strtod.o)
__fixsfsi                                         /usr/lib/gcc/avr/4.9.2/../../../avr/lib/avr5/libm.a(fixsfsi.o)
                                                  obj/Print.o
__fixunssfsi                                      /usr/lib/gcc/avr/4.9.2/../../../avr/lib/avr5/libm.a(fixunssfsi.o)
                                                  /usr/lib/gcc/avr/4.9.2/../../../avr/lib/avr5/libm.a(fixsfsi.o)
                                                  obj/Print.o
__floatsisf                                       /usr/lib/gcc/avr/4.9.2/../../../avr/lib/avr5/libm.a(floatsisf.o)
                                                  obj/Stream.o
                                                  obj/Print.o
__floatunsisf                                     /usr/lib/gcc/avr/4.9.2/../../../avr/lib/avr5/libm.a(floatsisf.o)
                                                  /usr/lib/gcc/avr/4.9.2/../../../avr/lib/avr5/libc.a(strtod.o)
                                                  obj/Print.o
__flp                                             /usr/lib/gcc/avr/4.9.2/../../../avr/lib/avr5/libc.a(malloc.o)
                                                  /usr/lib/gcc/avr/4.9.2/../../../avr/lib/avr5/libc.a(realloc.o)
__fp_cmp                                          /usr/lib/gcc/avr/4.9.2/../../../avr/lib/avr5/libm.a(fp_cmp.o)
                                                  /usr/lib/gcc/avr/4.9.2/../../../avr/lib/avr5/libm.a(unordsf2.o)
                                                  /usr/lib/gcc/avr/4.9.2/../../../avr/lib/avr5/libm.a(gesf2.o)
                                                  /usr/lib/gcc/avr/4.9.2/../../../avr/lib/avr5/libm.a(cmpsf2.o)
__fp_inf                                          /usr/lib/gcc/avr/4.9.2/../../../avr/lib/avr5/libm.a(fp_inf.o)
                                                  /usr/lib/gcc/avr/4.9.2/../../../avr/lib/avr5/libm.a(mulsf3x.o)
                                                  /usr/lib/gcc/avr/4.9.2/../../../avr/lib/avr5/libm.a(divsf3x.o)
                                                  /usr/lib/gcc/avr/4.9.2/../../../avr/lib/avr5/libm.a(addsf3x.o)
__fp_nan                                          /usr/lib/gcc/avr/4.9.2/../../../avr/lib/avr5/libm.a(fp_nan.o)
                                                  /usr/lib/gcc/avr/4.9.2/../../../avr/lib/avr5/libm.a(mulsf3x.o)
                                                  /usr/lib/gcc/avr/4.9.2/../../../avr/lib/avr5/libm.a(divsf3x.o)
                                                  /usr/lib/gcc/avr/4.9.2/../../../avr/lib/avr5/libm.a(addsf3x.o)
__fp_pscA                                         /usr/lib/gcc/avr/4.9.2/../../../avr/lib/avr5/libm.a(fp_pscA.o)
                                                  /usr/lib/gcc/avr/4.9.2/../../../avr/lib/avr5/libm.a(mulsf3x.o)
                                                  /usr/lib/gcc/avr/4.9.2/../../../avr/lib/avr5/libm.a(divsf3x.o)
                                                  /usr/lib/gcc/avr/4.9.2/../../../avr/lib/avr5/libm.a(addsf3x.o)
__fp_pscB                                         /usr/lib/gcc/avr/4.9.2/../../../avr/lib/avr5/libm.a(fp_pscB.o)
                                                  /usr/lib/gcc/avr/4.9.2/../../../avr/lib/avr5/libm.a(mulsf3x.o)
                                                  /usr/lib/gcc/avr/4.9.2/../../../avr/lib/avr5/libm.a(divsf3x.o)
                                                  /usr/lib/gcc/avr/4.9.2/../../../avr/lib/avr5/libm.a(addsf3x.o)
__fp_round                                        /usr/lib/gcc/avr/4.9.2/../../../avr/lib/avr5/libm.a(fp_round.o)
                                                  /usr/lib/gcc/avr/4.9.2/../../../avr/lib/avr5/libm.a(mulsf3.o)
                                                  /usr/lib/gcc/avr/4.9.2/../../../avr/lib/avr5/libm.a(divsf3.o)
                                                  /usr/lib/gcc/avr/4.9.2/../../../avr/lib/avr5/libm.a(addsf3.o)
__fp_split3                                       /usr/lib/gcc/avr/4.9.2/../../../avr/lib/avr5/libm.a(fp_split3.o)
                                                  /usr/lib/gcc/avr/4.9.2/../../../avr/lib/avr5/libm.a(mulsf3x.o)
                                                  /usr/lib/gcc/avr/4.9.2/../../../avr/lib/avr5/libm.a(divsf3x.o)
                                                  /usr/lib/gcc/avr/4.9.2/../../../avr/lib/avr5/libm.a(addsf3x.o)
__fp_splitA                                       /usr/lib/gcc/avr/4.9.2/../../../avr/lib/avr5/libm.a(fp_split3.o)
                                                  /usr/lib/gcc/avr/4.9.2/../../../avr/lib/avr5/libm.a(fixunssfsi.o)
__fp_szero                                        /usr/lib/gcc/avr/4.9.2/../../../avr/lib/avr5/libm.a(fp_zero.o)
                                                  /usr/lib/gcc/avr/4.9.2/../../../avr/lib/avr5/libm.a(mulsf3x.o)
                                                  /usr/lib/gcc/avr/4.9.2/../../../avr/lib/avr5/libm.a(fixsfsi.o)
                                                  /usr/lib/gcc/avr/4.9.2/../../../avr/lib/avr5/libm.a(divsf3x.o)
__fp_zero                                         /usr/lib/gcc/avr/4.9.2/../../../avr/lib/avr5/libm.a(fp_zero.o)
                                                  /usr/lib/gcc/avr/4.9.2/../../../avr/lib/avr5/libm.a(fixunssfsi.o)
                                                  /usr/lib/gcc/avr/4.9.2/../../../avr/lib/avr5/libm.a(addsf3x.o)
__ftoa_engine                                     /usr/lib/gcc/avr/4.9.2/../../../avr/lib/avr5/libc.a(ftoa_engine.o)
                                                  /usr/lib/gcc/avr/4.9.2/../../../avr/lib/avr5/libc.a(dtoa_prf.o)
                                                  /usr/lib/gcc/avr/4.9.2/../../../avr/lib/avr5/libprintf_flt.a(vfprintf_flt.o)
__gesf2                                           /usr/lib/gcc/avr/4.9.2/../../../avr/lib/avr5/libm.a(gesf2.o)
__gtsf2                                           /usr/lib/gcc/avr/4.9.2/../../../avr/lib/avr5/libm.a(gesf2.o)
                                                  obj/Print.o
__heap_end                                        /usr/lib/gcc/avr/4.9.2/../../../avr/lib/avr5/crtatmega328p.o
                                                  /usr/lib/gcc/avr/4.9.2/../../../avr/lib/avr5/libc.a(malloc.o)
__heap_start                                      /usr/lib/gcc/avr/4.9.2/../../../avr/lib/avr5/libc.a(malloc.o)
__init                                            /usr/lib/gcc/avr/4.9.2/../../../avr/lib/avr5/crtatmega328p.o
__itoa                                            /usr/lib/gcc/avr/4.9.2/../../../avr/lib/avr5/libc.a(itoa.o)
                                                  obj/WString.o
__itoa_ncheck                                     /usr/lib/gcc/avr/4.9.2/../../../avr/lib/avr5/libc.a(itoa_ncheck.o)
                                                  /usr/lib/gcc/avr/4.9.2/../../../avr/lib/avr5/libc.a(itoa.o)
                                                  obj/WString.o
__lesf2                                           /usr/lib/gcc/avr/4.9.2/../../../avr/lib/avr5/libm.a(cmpsf2.o)
                                                  obj/Print.o
__ltoa                                            /usr/lib/gcc/avr/4.9.2/../../../avr/lib/avr5/libc.a(ltoa.o)
                                                  obj/WString.o
__ltoa_ncheck                                     /usr/lib/gcc/avr/4.9.2/../../../avr/lib/avr5/libc.a(ltoa_ncheck.o)
                                                  /usr/lib/gcc/avr/4.9.2/../../../avr/lib/avr5/libc.a(ltoa.o)
                                                  obj/WString.o
__ltsf2                                           /usr/lib/gcc/avr/4.9.2/../../../avr/lib/avr5/libm.a(cmpsf2.o)
                                                  obj/Print.o
__malloc_heap_end                                 /usr/lib/gcc/avr/4.9.2/../../../avr/lib/avr5/libc.a(malloc.o)
                                                  /usr/lib/gcc/avr/4.9.2/../../../avr/lib/avr5/libc.a(realloc.o)
__malloc_heap_start                               /usr/lib/gcc/avr/4.9.2/../../../avr/lib/avr5/libc.a(malloc.o)
__malloc_margin                                   /usr/lib/gcc/avr/4.9.2/../../../avr/lib/avr5/libc.a(malloc.o)
                                                  /usr/lib/gcc/avr/4.9.2/../../../avr/lib/avr5/libc.a(realloc.o)
__mulsf3                                          /usr/lib/gcc/avr/4.9.2/../../../avr/lib/avr5/libm.a(mulsf3.o)
                                                  /usr/lib/gcc/avr/4.9.2/../../../avr/lib/avr5/libc.a(strtod.o)
                                                  obj/Stream.o
                                                  obj/Print.o
__mulsf3_pse                                      /usr/lib/gcc/avr/4.9.2/../../../avr/lib/avr5/libm.a(mulsf3x.o)
__mulsf3x                                         /usr/lib/gcc/avr/4.9.2/../../../avr/lib/avr5/libm.a(mulsf3x.o)
                                                  /usr/lib/gcc/avr/4.9.2/../../../avr/lib/avr5/libm.a(mulsf3.o)
__mulsi_const_10                                  /usr/lib/gcc/avr/4.9.2/../../../avr/lib/avr5/libc.a(mulsi10.o)
                                                  /usr/lib/gcc/avr/4.9.2/../../../avr/lib/avr5/libc.a(atol.o)
__muluhisi3                                       /usr/lib/gcc/avr/4.9.2/avr5/libgcc.a(_muluhisi3.o)
                                                  /usr/lib/gcc/avr/4.9.2/../../../avr/lib/avr5/libc.a(strtod.o)
                                                  obj/Stream.o
__nesf2                                           /usr/lib/gcc/avr/4.9.2/../../../avr/lib/avr5/libm.a(cmpsf2.o)
                                                  /usr/lib/gcc/avr/4.9.2/../../../avr/lib/avr5/libc.a(strtod.o)
__prologue_saves__                                /usr/lib/gcc/avr/4.9.2/avr5/libgcc.a(_prologue.o)
                                                  /usr/lib/gcc/avr/4.9.2/../../../avr/lib/avr5/libc.a(strtod.o)
                                                  /usr/lib/gcc/avr/4.9.2/../../../avr/lib/avr5/libc.a(realloc.o)
                                                  /usr/lib/gcc/avr/4.9.2/../../../avr/lib/avr5/libprintf_flt.a(vfprintf_flt.o)
__stack                                           /usr/lib/gcc/avr/4.9.2/../../../avr/lib/avr5/crtatmega328p.o
__strlen_P                                        /usr/lib/gcc/avr/4.9.2/../../../avr/lib/avr5/libc.a(strlen_P.o)
                                                  obj/WString.o
__subsf3                                          /usr/lib/gcc/avr/4.9.2/../../../avr/lib/avr5/libm.a(addsf3.o)
                                                  obj/Print.o
__tablejump2__                                    /usr/lib/gcc/avr/4.9.2/avr5/libgcc.a(_tablejump2.o)
                                                  /usr/lib/gcc/avr/4.9.2/avr5/libgcc.a(_ctors.o)
__udivmodhi4                                      /usr/lib/gcc/avr/4.9.2/avr5/libgcc.a(_udivmodhi4.o)
                                                  /usr/lib/gcc/avr/4.9.2/avr5/libgcc.a(_divmodhi4.o)
__udivmodsi4                                      /usr/lib/gcc/avr/4.9.2/avr5/libgcc.a(_udivmodsi4.o)
                                                  obj/Print.o
                                                  obj/HardwareSerial.o
__ultoa                                           /usr/lib/gcc/avr/4.9.2/../../../avr/lib/avr5/libc.a(ultoa.o)
                                                  obj/WString.o
__ultoa_common                                    /usr/lib/gcc/avr/4.9.2/../../../avr/lib/avr5/libc.a(ultoa_ncheck.o)
                                                  /usr/lib/gcc/avr/4.9.2/../../../avr/lib/avr5/libc.a(ltoa_ncheck.o)
__ultoa_invert                                    /usr/lib/gcc/avr/4.9.2/../../../avr/lib/avr5/libc.a(ultoa_invert.o)
                                                  /usr/lib/gcc/avr/4.9.2/../../../avr/lib/avr5/libprintf_flt.a(vfprintf_flt.o)
__ultoa_ncheck                                    /usr/lib/gcc/avr/4.9.2/../../../avr/lib/avr5/libc.a(ultoa_ncheck.o)
                                                  /usr/lib/gcc/avr/4.9.2/../../../avr/lib/avr5/libc.a(ultoa.o)
                                                  obj/WString.o
__umulhisi3                                       /usr/lib/gcc/avr/4.9.2/avr5/libgcc.a(_umulhisi3.o)
                                                  /usr/lib/gcc/avr/4.9.2/avr5/libgcc.a(_muluhisi3.o)
__unordsf2                                        /usr/lib/gcc/avr/4.9.2/../../../avr/lib/avr5/libm.a(unordsf2.o)
                                                  obj/Print.o
__utoa                                            /usr/lib/gcc/avr/4.9.2/../../../avr/lib/avr5/libc.a(utoa.o)
                                                  obj/WString.o
__utoa_common                                     /usr/lib/gcc/avr/4.9.2/../../../avr/lib/avr5/libc.a(utoa_ncheck.o)
                                                  /usr/lib/gcc/avr/4.9.2/../../../avr/lib/avr5/libc.a(itoa_ncheck.o)
__utoa_ncheck                                     /usr/lib/gcc/avr/4.9.2/../../../avr/lib/avr5/libc.a(utoa_ncheck.o)
                                                  /usr/lib/gcc/avr/4.9.2/../../../avr/lib/avr5/libc.a(utoa.o)
                                                  obj/WString.o
__vector_1                                        obj/WInterrupts.o
                                                  /usr/lib/gcc/avr/4.9.2/../../../avr/lib/avr5/crtatmega328p.o
__vector_10                                       /usr/lib/gcc/avr/4.9.2/../../../avr/lib/avr5/crtatmega328p.o
__vector_11                                       /usr/lib/gcc/avr/4.9.2/../../../avr/lib/avr5/crtatmega328p.o
__vector_12                                       /usr/lib/gcc/avr/4.9.2/../../../avr/lib/avr5/crtatmega328p.o
__vector_13                                       /usr/lib/gcc/avr/4.9.2/../../../avr/lib/avr5/crtatmega328p.o
__vector_14                                       /usr/lib/gcc/avr/4.9.2/../../../avr/lib/avr5/crtatmega328p.o
__vector_15                                       /usr/lib/gcc/avr/4.9.2/../../../avr/lib/avr5/crtatmega328p.o
__vector_16                                       obj/wiring.o
                                                  /usr/lib/gcc/avr/4.9.2/../../../avr/lib/avr5/crtatmega328p.o
__vector_17                                       /usr/lib/gcc/avr/4.9.2/../../../avr/lib/avr5/crtatmega328p.o
__vector_18                                       obj/HardwareSerial.o
                                                  /usr/lib/gcc/avr/4.9.2/../../../avr/lib/avr5/crtatmega328p.o
__vector_19                                       obj/HardwareSerial.o
                                                  /usr/lib/gcc/avr/4.9.2/../../../avr/lib/avr5/crtatmega328p.o
__vector_2                                        obj/WInterrupts.o
                                                  /usr/lib/gcc/avr/4.9.2/../../../avr/lib/avr5/crtatmega328p.o
__vector_20                                       /usr/lib/gcc/avr/4.9.2/../../../avr/lib/avr5/crtatmega328p.o
__vector_21                                       /usr/lib/gcc/avr/4.9.2/../../../avr/lib/avr5/crtatmega328p.o
__vector_22                                       /usr/lib/gcc/avr/4.9.2/../../../avr/lib/avr5/crtatmega328p.o
__vector_23                                       /usr/lib/gcc/avr/4.9.2/../../../avr/lib/avr5/crtatmega328p.o
__vector_24                                       /usr/lib/gcc/avr/4.9.2/../../../avr/lib/avr5/crtatmega328p.o
__vector_25                                       /usr/lib/gcc/avr/4.9.2/../../../avr/lib/avr5/crtatmega328p.o
__vector_3                                        /usr/lib/gcc/avr/4.9.2/../../../avr/lib/avr5/crtatmega328p.o
__vector_4                                        /usr/lib/gcc/avr/4.9.2/../../../avr/lib/avr5/crtatmega328p.o
__vector_5                                        /usr/lib/gcc/avr/4.9.2/../../../avr/lib/avr5/crtatmega328p.o
__vector_6                                        /usr/lib/gcc/avr/4.9.2/../../../avr/lib/avr5/crtatmega328p.o
__vector_7                                        /usr/lib/gcc/avr/4.9.2/../../../avr/lib/avr5/crtatmega328p.o
__vector_8                                        /usr/lib/gcc/avr/4.9.2/../../../avr/lib/avr5/crtatmega328p.o
__vector_9                                        /usr/lib/gcc/avr/4.9.2/../../../avr/lib/avr5/crtatmega328p.o
__vector_default                                  /usr/lib/gcc/avr/4.9.2/../../../avr/lib/avr5/crtatmega328p.o
__vectors                                         /usr/lib/gcc/avr/4.9.2/../../../avr/lib/avr5/crtatmega328p.o
_div                                              /usr/lib/gcc/avr/4.9.2/avr5/libgcc.a(_divmodhi4.o)
_exit                                             /usr/lib/gcc/avr/4.9.2/avr5/libgcc.a(_exit.o)
atexit                                            obj/main.o
atof                                              /usr/lib/gcc/avr/4.9.2/../../../avr/lib/avr5/libc.a(atof.o)
                                                  obj/WString.o
atol                                              /usr/lib/gcc/avr/4.9.2/../../../avr/lib/avr5/libc.a(atol.o)
                                                  obj/WString.o
attachInterrupt                                   obj/WInterrupts.o
delay                                             obj/wiring.o
                                                  obj/main_loop.o
delayMicroseconds                                 obj/wiring.o
detachInterrupt                                   obj/WInterrupts.o
digitalRead                                       obj/wiring_digital.o
digitalWrite                                      obj/wiring_digital.o
                                                  obj/main_loop.o
digital_pin_to_bit_mask_PGM                       obj/wiring_digital.o
digital_pin_to_port_PGM                           obj/wiring_digital.o
digital_pin_to_timer_PGM                          obj/wiring_digital.o
dtoa_prf                                          /usr/lib/gcc/avr/4.9.2/../../../avr/lib/avr5/libc.a(dtoa_prf.o)
                                                  /usr/lib/gcc/avr/4.9.2/../../../avr/lib/avr5/libc.a(dtostrf.o)
dtostrf                                           /usr/lib/gcc/avr/4.9.2/../../../avr/lib/avr5/libc.a(dtostrf.o)
                                                  obj/WString.o
errno                                             /usr/lib/gcc/avr/4.9.2/../../../avr/lib/avr5/libc.a(errno.o)
                                                  /usr/lib/gcc/avr/4.9.2/../../../avr/lib/avr5/libc.a(strtod.o)
exit                                              /usr/lib/gcc/avr/4.9.2/avr5/libgcc.a(_exit.o)
                                                  /usr/lib/gcc/avr/4.9.2/../../../avr/lib/avr5/crtatmega328p.o
fputc                                             /usr/lib/gcc/avr/4.9.2/../../../avr/lib/avr5/libc.a(fputc.o)
                                                  /usr/lib/gcc/avr/4.9.2/../../../avr/lib/avr5/libprintf_flt.a(vfprintf_flt.o)
free                                              /usr/lib/gcc/avr/4.9.2/../../../avr/lib/avr5/libc.a(malloc.o)
                                                  /usr/lib/gcc/avr/4.9.2/../../../avr/lib/avr5/libc.a(realloc.o)
                                                  obj/new.o
                                                  obj/WString.o
init                                              obj/wiring.o
                                                  obj/main.o
initVariant                                       obj/main.o
isspace                                           /usr/lib/gcc/avr/4.9.2/../../../avr/lib/avr5/libc.a(isspace.o)
                                                  /usr/lib/gcc/avr/4.9.2/../../../avr/lib/avr5/libc.a(strtod.o)
                                                  obj/WString.o
itoa                                              /usr/lib/gcc/avr/4.9.2/../../../avr/lib/avr5/libc.a(itoa.o)
loop                                              obj/main_loop.o
                                                  obj/main.o
ltoa                                              /usr/lib/gcc/avr/4.9.2/../../../avr/lib/avr5/libc.a(ltoa.o)
main                                              obj/main.o
                                                  /usr/lib/gcc/avr/4.9.2/../../../avr/lib/avr5/crtatmega328p.o
malloc                                            /usr/lib/gcc/avr/4.9.2/../../../avr/lib/avr5/libc.a(malloc.o)
                                                  /usr/lib/gcc/avr/4.9.2/../../../avr/lib/avr5/libc.a(realloc.o)
                                                  obj/new.o
memcpy                                            /usr/lib/gcc/avr/4.9.2/../../../avr/lib/avr5/libc.a(memcpy.o)
                                                  /usr/lib/gcc/avr/4.9.2/../../../avr/lib/avr5/libc.a(memmove.o)
                                                  /usr/lib/gcc/avr/4.9.2/../../../avr/lib/avr5/libc.a(realloc.o)
                                                  obj/WString.o
memmove                                           /usr/lib/gcc/avr/4.9.2/../../../avr/lib/avr5/libc.a(memmove.o)
                                                  obj/WString.o
micros                                            obj/wiring.o
millis                                            obj/wiring.o
                                                  obj/main_loop.o
                                                  obj/Stream.o
pinMode                                           obj/wiring_digital.o
                                                  obj/main_loop.o
port_to_input_PGM                                 obj/wiring_digital.o
port_to_mode_PGM                                  obj/wiring_digital.o
port_to_output_PGM                                obj/wiring_digital.o
realloc                                           /usr/lib/gcc/avr/4.9.2/../../../avr/lib/avr5/libc.a(realloc.o)
                                                  obj/WString.o
rx_buffer                                         obj/HardwareSerial.o
setup                                             obj/main_loop.o
                                                  obj/main.o
strchr                                            /usr/lib/gcc/avr/4.9.2/../../../avr/lib/avr5/libc.a(strchr.o)
                                                  obj/WString.o
strcmp                                            /usr/lib/gcc/avr/4.9.2/../../../avr/lib/avr5/libc.a(strcmp.o)
                                                  obj/WString.o
strcpy                                            /usr/lib/gcc/avr/4.9.2/../../../avr/lib/avr5/libc.a(strcpy.o)
                                                  obj/WString.o
strcpy_P                                          /usr/lib/gcc/avr/4.9.2/../../../avr/lib/avr5/libc.a(strcpy_P.o)
                                                  obj/WString.o
strncasecmp_P                                     /usr/lib/gcc/avr/4.9.2/../../../avr/lib/avr5/libc.a(strncasecmp_P.o)
                                                  /usr/lib/gcc/avr/4.9.2/../../../avr/lib/avr5/libc.a(strtod.o)
strncmp                                           /usr/lib/gcc/avr/4.9.2/../../../avr/lib/avr5/libc.a(strncmp.o)
                                                  obj/WString.o
strncpy                                           /usr/lib/gcc/avr/4.9.2/../../../avr/lib/avr5/libc.a(strncpy.o)
                                                  obj/WString.o
strnlen                                           /usr/lib/gcc/avr/4.9.2/../../../avr/lib/avr5/libc.a(strnlen.o)
                                                  /usr/lib/gcc/avr/4.9.2/../../../avr/lib/avr5/libprintf_flt.a(vfprintf_flt.o)
strnlen_P                                         /usr/lib/gcc/avr/4.9.2/../../../avr/lib/avr5/libc.a(strnlen_P.o)
                                                  /usr/lib/gcc/avr/4.9.2/../../../avr/lib/avr5/libprintf_flt.a(vfprintf_flt.o)
strrchr                                           /usr/lib/gcc/avr/4.9.2/../../../avr/lib/avr5/libc.a(strrchr.o)
                                                  obj/WString.o
strrev                                            /usr/lib/gcc/avr/4.9.2/../../../avr/lib/avr5/libc.a(strrev.o)
                                                  /usr/lib/gcc/avr/4.9.2/../../../avr/lib/avr5/libc.a(utoa_ncheck.o)
                                                  /usr/lib/gcc/avr/4.9.2/../../../avr/lib/avr5/libc.a(ultoa_ncheck.o)
strstr                                            /usr/lib/gcc/avr/4.9.2/../../../avr/lib/avr5/libc.a(strstr.o)
                                                  obj/WString.o
strtod                                            /usr/lib/gcc/avr/4.9.2/../../../avr/lib/avr5/libc.a(strtod.o)
                                                  /usr/lib/gcc/avr/4.9.2/../../../avr/lib/avr5/libc.a(atof.o)
timer0_millis                                     obj/wiring.o
timer0_overflow_count                             obj/wiring.o
tolower                                           /usr/lib/gcc/avr/4.9.2/../../../avr/lib/avr5/libc.a(tolower.o)
                                                  obj/WString.o
toupper                                           /usr/lib/gcc/avr/4.9.2/../../../avr/lib/avr5/libc.a(toupper.o)
                                                  obj/WString.o
tx_buffer                                         obj/HardwareSerial.o
ultoa                                             /usr/lib/gcc/avr/4.9.2/../../../avr/lib/avr5/libc.a(ultoa.o)
utoa                                              /usr/lib/gcc/avr/4.9.2/../../../avr/lib/avr5/libc.a(utoa.o)
vfprintf                                          /usr/lib/gcc/avr/4.9.2/../../../avr/lib/avr5/libprintf_flt.a(vfprintf_flt.o)
